NBA on NBC (c) 1998 Midway - TIMK : Horse  (03/15/99 14:40:58) page 1

PLBUILD version 3.0G

Bank Information
----------------

Bank name: SC_HORSE.BNK

Size of .BNK file including header: 29556 bytes ($7374 bytes)

Size of playlist table: 40 bytes ($28 bytes)

Size of playlist and sound data only: 29382 bytes ($72C6 bytes)

Checksum: $051B

Total number of playlists: 9 ($9)

Total number of sound files: 9 ($9)

Average bit rate for bank: 27.2 kbits/sec

Total linear amount of sound: 0:08.609 (min:sec.msec)



Playlist Table

  Dec  Hex   # Trks  Video  Pinball  Description
  ---- ----- ------ ------- -------  -----------
  1    $0001   1       36.0    41.3  Horse 
  2    $0002   1       32.2    37.0  Horse A
  3    $0003   1       59.4    68.2  Horse B
  4    $0004   1       32.2    37.0  Horse C
  5    $0005   1       41.9    48.0  To Horse
  6    $0006   1       75.8    86.9  Hands Off to Horse
  7    $0007   1       55.2    63.4  Dishes to Horse
  8    $0008   1       58.6    67.2  Finds Horse
  9    $0009   1       78.7    90.2  Nice Feed to Horse

Total 9 Playlists
