NBA on NBC (c) 1998 Midway - TIMK : Pinkerton  (03/23/99 02:03:28) page 1

PLBUILD version 3.0G

Bank Information
----------------

Bank name: SC_PINKE.BNK

Size of .BNK file including header: 29686 bytes ($73F6 bytes)

Size of playlist table: 40 bytes ($28 bytes)

Size of playlist and sound data only: 29512 bytes ($7348 bytes)

Checksum: $9C1C

Total number of playlists: 9 ($9)

Total number of sound files: 9 ($9)

Average bit rate for bank: 26.2 kbits/sec

Total linear amount of sound: 0:08.955 (min:sec.msec)



Playlist Table

  Dec  Hex   # Trks  Video  Pinball  Description
  ---- ----- ------ ------- -------  -----------
  1    $0001   1       51.1    58.6  Pinkerton 
  2    $0002   1       37.7    43.2  Pinkerton A
  3    $0003   1       60.3    69.1  Pinkerton B
  4    $0004   1       43.5    49.9  Pinkerton C
  5    $0005   1       43.5    49.9  To Pinkerton
  6    $0006   1       59.9    68.6  Hands Off to Pinkerton
  7    $0007   1       64.9    74.4  Dishes to Pinkerton
  8    $0008   1       54.0    61.9  Finds Pinkerton
  9    $0009   1       74.1    85.0  Nice Feed to Pinkerton

Total 9 Playlists
